🚀 Launching 18 SF-Tiny jobs for Seed 25873...
  + Started: SF_S25873_TABS_k3_Tiny
  + Started: SF_S25873_TABS_k5_Tiny
  + Started: SF_S25873_TABS_k7_Tiny
  + Started: SF_S25873_SVM-RFE_k3_Tiny
  + Started: SF_S25873_SVM-RFE_k5_Tiny
  + Started: SF_S25873_SVM-RFE_k7_Tiny
  + Started: SF_S25873_Entropy_k3_Tiny
  + Started: SF_S25873_Entropy_k5_Tiny
  + Started: SF_S25873_Entropy_k7_Tiny
  + Started: SF_S25873_Fisher_k3_Tiny
  + Started: SF_S25873_Fisher_k5_Tiny
  + Started: SF_S25873_Fisher_k7_Tiny
  + Started: SF_S25873_Correlation_k3_Tiny
  + Started: SF_S25873_Correlation_k5_Tiny
  + Started: SF_S25873_Correlation_k7_Tiny
  + Started: SF_S25873_SAD_k3_Tiny
  + Started: SF_S25873_SAD_k5_Tiny
  + Started: SF_S25873_SAD_k7_Tiny

All 18 jobs launched. Waiting for completion...

--- SUMMARY ---
✅ All jobs completed successfully.
