2026-02-03 22:16:50 | Exp_SVM-RFE_k3_s42_standard | FAIL (2)
2026-02-03 22:16:50 | Exp_SVM-RFE_k3_s42_lightweight_ds | FAIL (2)
2026-02-03 22:16:50 | Exp_Entropy_k3_s42_standard | FAIL (2)
2026-02-03 22:16:50 | Exp_Entropy_k3_s42_lightweight_ds | FAIL (2)
2026-02-03 22:16:50 | Exp_Correlation_k3_s42_standard | FAIL (2)
2026-02-03 22:16:50 | Exp_Correlation_k3_s42_lightweight_ds | FAIL (2)
2026-02-03 22:16:50 | Exp_Fisher_k3_s42_standard | FAIL (2)
2026-02-03 22:16:50 | Exp_Fisher_k3_s42_lightweight_ds | FAIL (2)
2026-02-03 22:16:50 | Exp_SAD_k3_s42_standard | FAIL (2)
2026-02-03 22:16:50 | Exp_SAD_k3_s42_lightweight_ds | FAIL (2)
2026-02-03 22:16:50 | Exp_SVM-RFE_k5_s42_standard | FAIL (2)
2026-02-03 22:16:50 | Exp_SVM-RFE_k5_s42_lightweight_ds | FAIL (2)
2026-02-03 22:16:50 | Exp_Entropy_k5_s42_standard | FAIL (2)
2026-02-03 22:16:50 | Exp_Entropy_k5_s42_lightweight_ds | FAIL (2)
2026-02-03 22:16:50 | Exp_Correlation_k5_s42_standard | FAIL (2)
2026-02-03 22:16:50 | Exp_Correlation_k5_s42_lightweight_ds | FAIL (2)
2026-02-03 22:16:50 | Exp_Fisher_k5_s42_standard | FAIL (2)
2026-02-03 22:16:50 | Exp_Fisher_k5_s42_lightweight_ds | FAIL (2)
2026-02-03 22:16:50 | Exp_SAD_k5_s42_standard | FAIL (2)
2026-02-03 22:16:50 | Exp_SAD_k5_s42_lightweight_ds | FAIL (2)
2026-02-03 22:16:50 | Exp_SVM-RFE_k7_s42_standard | FAIL (2)
2026-02-03 22:16:50 | Exp_SVM-RFE_k7_s42_lightweight_ds | FAIL (2)
2026-02-03 22:16:50 | Exp_Entropy_k7_s42_standard | FAIL (2)
2026-02-03 22:16:50 | Exp_Entropy_k7_s42_lightweight_ds | FAIL (2)
2026-02-03 22:16:50 | Exp_Correlation_k7_s42_standard | FAIL (2)
2026-02-03 22:16:50 | Exp_Correlation_k7_s42_lightweight_ds | FAIL (2)
2026-02-03 22:16:50 | Exp_Fisher_k7_s42_standard | FAIL (2)
2026-02-03 22:16:50 | Exp_Fisher_k7_s42_lightweight_ds | FAIL (2)
2026-02-03 22:16:50 | Exp_SAD_k7_s42_standard | FAIL (2)
2026-02-03 22:16:50 | Exp_SAD_k7_s42_lightweight_ds | FAIL (2)
2026-02-03 22:18:00 | Exp_SVM-RFE_k3_s42_standard | FAIL (1)
2026-02-03 22:18:00 | Exp_SVM-RFE_k3_s42_lightweight_ds | FAIL (1)
2026-02-03 22:18:00 | Exp_Entropy_k3_s42_standard | FAIL (1)
2026-02-03 22:18:00 | Exp_Entropy_k3_s42_lightweight_ds | FAIL (1)
2026-02-03 22:18:00 | Exp_Correlation_k3_s42_standard | FAIL (1)
2026-02-03 22:18:00 | Exp_Correlation_k3_s42_lightweight_ds | FAIL (1)
2026-02-03 22:18:00 | Exp_Fisher_k3_s42_standard | FAIL (1)
2026-02-03 22:18:00 | Exp_Fisher_k3_s42_lightweight_ds | FAIL (1)
2026-02-03 22:18:00 | Exp_SAD_k3_s42_standard | FAIL (1)
2026-02-03 22:18:00 | Exp_SAD_k3_s42_lightweight_ds | FAIL (1)
2026-02-03 22:18:00 | Exp_SVM-RFE_k5_s42_standard | FAIL (1)
2026-02-03 22:18:00 | Exp_SVM-RFE_k5_s42_lightweight_ds | FAIL (1)
2026-02-03 22:18:00 | Exp_Entropy_k5_s42_standard | FAIL (1)
2026-02-03 22:18:00 | Exp_Entropy_k5_s42_lightweight_ds | FAIL (1)
2026-02-03 22:18:00 | Exp_Correlation_k5_s42_standard | FAIL (1)
2026-02-03 22:18:00 | Exp_Correlation_k5_s42_lightweight_ds | FAIL (1)
2026-02-03 22:18:00 | Exp_Fisher_k5_s42_standard | FAIL (1)
2026-02-03 22:18:00 | Exp_Fisher_k5_s42_lightweight_ds | FAIL (1)
2026-02-03 22:18:00 | Exp_SAD_k5_s42_standard | FAIL (1)
2026-02-03 22:18:00 | Exp_SAD_k5_s42_lightweight_ds | FAIL (1)
2026-02-03 22:18:00 | Exp_SVM-RFE_k7_s42_standard | FAIL (1)
2026-02-03 22:18:00 | Exp_SVM-RFE_k7_s42_lightweight_ds | FAIL (1)
2026-02-03 22:18:00 | Exp_Entropy_k7_s42_standard | FAIL (1)
2026-02-03 22:18:00 | Exp_Entropy_k7_s42_lightweight_ds | FAIL (1)
2026-02-03 22:18:00 | Exp_Correlation_k7_s42_standard | FAIL (1)
2026-02-03 22:18:00 | Exp_Correlation_k7_s42_lightweight_ds | FAIL (1)
2026-02-03 22:18:00 | Exp_Fisher_k7_s42_standard | FAIL (1)
2026-02-03 22:18:00 | Exp_Fisher_k7_s42_lightweight_ds | FAIL (1)
2026-02-03 22:18:00 | Exp_SAD_k7_s42_standard | FAIL (1)
2026-02-03 22:18:00 | Exp_SAD_k7_s42_lightweight_ds | FAIL (1)
2026-02-03 22:20:01 | Exp_SVM-RFE_k3_s42_standard | FAIL (1)
2026-02-03 22:20:01 | Exp_SVM-RFE_k3_s42_lightweight_ds | FAIL (1)
2026-02-03 22:20:01 | Exp_Entropy_k3_s42_standard | FAIL (1)
2026-02-03 22:20:01 | Exp_Entropy_k3_s42_lightweight_ds | FAIL (1)
2026-02-03 22:20:01 | Exp_Correlation_k3_s42_standard | FAIL (1)
2026-02-03 22:20:01 | Exp_Correlation_k3_s42_lightweight_ds | FAIL (1)
2026-02-03 22:20:01 | Exp_Fisher_k3_s42_standard | FAIL (1)
2026-02-03 22:20:01 | Exp_Fisher_k3_s42_lightweight_ds | FAIL (1)
2026-02-03 22:20:01 | Exp_SAD_k3_s42_standard | FAIL (1)
2026-02-03 22:20:01 | Exp_SAD_k3_s42_lightweight_ds | FAIL (1)
2026-02-03 22:20:01 | Exp_SVM-RFE_k5_s42_standard | FAIL (1)
2026-02-03 22:20:01 | Exp_SVM-RFE_k5_s42_lightweight_ds | FAIL (1)
2026-02-03 22:20:01 | Exp_Entropy_k5_s42_standard | FAIL (1)
2026-02-03 22:20:01 | Exp_Entropy_k5_s42_lightweight_ds | FAIL (1)
2026-02-03 22:20:01 | Exp_Correlation_k5_s42_standard | FAIL (1)
2026-02-03 22:20:01 | Exp_Correlation_k5_s42_lightweight_ds | FAIL (1)
2026-02-03 22:20:01 | Exp_Fisher_k5_s42_standard | FAIL (1)
2026-02-03 22:20:01 | Exp_Fisher_k5_s42_lightweight_ds | FAIL (1)
2026-02-03 22:20:01 | Exp_SAD_k5_s42_standard | FAIL (1)
2026-02-03 22:20:01 | Exp_SAD_k5_s42_lightweight_ds | FAIL (1)
2026-02-03 22:20:01 | Exp_SVM-RFE_k7_s42_standard | FAIL (1)
2026-02-03 22:20:01 | Exp_SVM-RFE_k7_s42_lightweight_ds | FAIL (1)
2026-02-03 22:20:01 | Exp_Entropy_k7_s42_standard | FAIL (1)
2026-02-03 22:20:01 | Exp_Entropy_k7_s42_lightweight_ds | FAIL (1)
2026-02-03 22:20:01 | Exp_Correlation_k7_s42_standard | FAIL (1)
2026-02-03 22:20:01 | Exp_Correlation_k7_s42_lightweight_ds | FAIL (1)
2026-02-03 22:20:01 | Exp_Fisher_k7_s42_standard | FAIL (1)
2026-02-03 22:20:01 | Exp_Fisher_k7_s42_lightweight_ds | FAIL (1)
2026-02-03 22:20:01 | Exp_SAD_k7_s42_standard | FAIL (1)
2026-02-03 22:20:01 | Exp_SAD_k7_s42_lightweight_ds | FAIL (1)
