🚀 Launching 18 jobs for Seed 25873 (Epochs=400)...
  + Started: S25873_TABS_k3
  + Started: S25873_TABS_k5
  + Started: S25873_TABS_k7
  + Started: S25873_SVM-RFE_k3
  + Started: S25873_SVM-RFE_k5
  + Started: S25873_SVM-RFE_k7
  + Started: S25873_Entropy_k3
  + Started: S25873_Entropy_k5
  + Started: S25873_Entropy_k7
  + Started: S25873_Fisher_k3
  + Started: S25873_Fisher_k5
  + Started: S25873_Fisher_k7
  + Started: S25873_Correlation_k3
  + Started: S25873_Correlation_k5
  + Started: S25873_Correlation_k7
  + Started: S25873_SAD_k3
  + Started: S25873_SAD_k5
  + Started: S25873_SAD_k7

All 18 jobs launched. Waiting for completion...

--- SUMMARY ---
✅ All jobs completed successfully (Exit Code 0).
You can now modify this script to set EPOCHS=400 and run the full training.
