Traceback (most recent call last):
  File "/data1/tabs/scripts/run.py", line 6, in <module>
    import torch
  File "/data1/tabs/venv/lib/python3.10/site-packages/torch/__init__.py", line 2016, in <module>
    from torch import _VF as _VF, functional as functional  # usort: skip
  File "/data1/tabs/venv/lib/python3.10/site-packages/torch/functional.py", line 7, in <module>
    import torch.nn.functional as F
  File "/data1/tabs/venv/lib/python3.10/site-packages/torch/nn/__init__.py", line 8, in <module>
    from torch.nn.modules import *  # usort: skip # noqa: F403
  File "/data1/tabs/venv/lib/python3.10/site-packages/torch/nn/modules/__init__.py", line 1, in <module>
    from .module import Module  # usort: skip
  File "/data1/tabs/venv/lib/python3.10/site-packages/torch/nn/modules/module.py", line 29, in <module>
    from torch.utils._python_dispatch import is_traceable_wrapper_subclass
  File "/data1/tabs/venv/lib/python3.10/site-packages/torch/utils/__init__.py", line 8, in <module>
    from torch.utils import (
  File "/data1/tabs/venv/lib/python3.10/site-packages/torch/utils/data/__init__.py", line 1, in <module>
    from torch.utils.data.dataloader import (
  File "/data1/tabs/venv/lib/python3.10/site-packages/torch/utils/data/dataloader.py", line 20, in <module>
    import torch.distributed as dist
  File "/data1/tabs/venv/lib/python3.10/site-packages/torch/distributed/__init__.py", line 122, in <module>
    from .device_mesh import DeviceMesh, init_device_mesh
  File "/data1/tabs/venv/lib/python3.10/site-packages/torch/distributed/device_mesh.py", line 10, in <module>
    import torch
  File "<frozen importlib._bootstrap>", line 230, in _lock_unlock_module
  File "<frozen importlib._bootstrap>", line 128, in release
KeyboardInterrupt
