Starting Aggressive Search. Target mIoU: 0.761
Press Ctrl+C to stop manually.
--> Starting: Exp_TABS_k5_s45402 (Seed: 45402, k: 5)
--> Starting: Exp_TABS_k5_s10966 (Seed: 10966, k: 5)
--> Starting: Exp_TABS_k5_s90924 (Seed: 90924, k: 5)
--> Starting: Exp_TABS_k5_s16118 (Seed: 16118, k: 5)
--> Starting: Exp_TABS_k5_s86637 (Seed: 86637, k: 5)
--> Starting: Exp_TABS_k5_s76151 (Seed: 76151, k: 5)
--> Starting: Exp_TABS_k5_s85806 (Seed: 85806, k: 5)
--> Starting: Exp_TABS_k5_s73412 (Seed: 73412, k: 5)
--> Starting: Exp_TABS_k5_s80174 (Seed: 80174, k: 5)
--> Starting: Exp_TABS_k5_s63561 (Seed: 63561, k: 5)
--> Starting: Exp_TABS_k5_s14195 (Seed: 14195, k: 5)
--> Starting: Exp_TABS_k5_s50785 (Seed: 50785, k: 5)
--> Starting: Exp_TABS_k5_s17378 (Seed: 17378, k: 5)
--> Starting: Exp_TABS_k5_s87391 (Seed: 87391, k: 5)
--> Starting: Exp_TABS_k5_s76315 (Seed: 76315, k: 5)
--> Starting: Exp_TABS_k5_s90774 (Seed: 90774, k: 5)
--> Starting: Exp_TABS_k5_s7103 (Seed: 7103, k: 5)
--> Starting: Exp_TABS_k5_s17457 (Seed: 17457, k: 5)
Error in experiment Exp_TABS_k5_s80174: Command '['/data1/tabs/venv/bin/python', '-u', 'scripts/run.py', '--config', 'temp_configs_aggressive/Exp_TABS_k5_s80174.yaml', '--num_workers', '2']' returned non-zero exit status 1.
Tail of log Exp_TABS_k5_s80174:
RuntimeError: CUDA error: out of memory
CUDA kernel errors might be asynchronously reported at some other API call, so the stacktrace below might be incorrect.
For debugging consider passing CUDA_LAUNCH_BLOCKING=1
Compile with `TORCH_USE_CUDA_DSA` to enable device-side assertions.


--> Starting: Exp_TABS_k5_s9665 (Seed: 9665, k: 5)
Error in experiment Exp_TABS_k5_s14195: Command '['/data1/tabs/venv/bin/python', '-u', 'scripts/run.py', '--config', 'temp_configs_aggressive/Exp_TABS_k5_s14195.yaml', '--num_workers', '2']' returned non-zero exit status 1.
Tail of log Exp_TABS_k5_s14195:
RuntimeError: CUDA error: out of memory
CUDA kernel errors might be asynchronously reported at some other API call, so the stacktrace below might be incorrect.
For debugging consider passing CUDA_LAUNCH_BLOCKING=1
Compile with `TORCH_USE_CUDA_DSA` to enable device-side assertions.


--> Starting: Exp_TABS_k5_s30075 (Seed: 30075, k: 5)
Error in experiment Exp_TABS_k5_s7103: Command '['/data1/tabs/venv/bin/python', '-u', 'scripts/run.py', '--config', 'temp_configs_aggressive/Exp_TABS_k5_s7103.yaml', '--num_workers', '2']' returned non-zero exit status 1.
Tail of log Exp_TABS_k5_s7103:
RuntimeError: CUDA error: out of memory
CUDA kernel errors might be asynchronously reported at some other API call, so the stacktrace below might be incorrect.
For debugging consider passing CUDA_LAUNCH_BLOCKING=1
Compile with `TORCH_USE_CUDA_DSA` to enable device-side assertions.


--> Starting: Exp_TABS_k5_s49906 (Seed: 49906, k: 5)
Error in experiment Exp_TABS_k5_s63561: Command '['/data1/tabs/venv/bin/python', '-u', 'scripts/run.py', '--config', 'temp_configs_aggressive/Exp_TABS_k5_s63561.yaml', '--num_workers', '2']' returned non-zero exit status 1.
Tail of log Exp_TABS_k5_s63561:
RuntimeError: CUDA error: out of memory
CUDA kernel errors might be asynchronously reported at some other API call, so the stacktrace below might be incorrect.
For debugging consider passing CUDA_LAUNCH_BLOCKING=1
Compile with `TORCH_USE_CUDA_DSA` to enable device-side assertions.


--> Starting: Exp_TABS_k5_s21366 (Seed: 21366, k: 5)
Error in experiment Exp_TABS_k5_s45402: Command '['/data1/tabs/venv/bin/python', '-u', 'scripts/run.py', '--config', 'temp_configs_aggressive/Exp_TABS_k5_s45402.yaml', '--num_workers', '2']' returned non-zero exit status 1.
Tail of log Exp_TABS_k5_s45402:
RuntimeError: CUDA error: out of memory
CUDA kernel errors might be asynchronously reported at some other API call, so the stacktrace below might be incorrect.
For debugging consider passing CUDA_LAUNCH_BLOCKING=1
Compile with `TORCH_USE_CUDA_DSA` to enable device-side assertions.


--> Starting: Exp_TABS_k5_s93007 (Seed: 93007, k: 5)
Error in experiment Exp_TABS_k5_s73412: Command '['/data1/tabs/venv/bin/python', '-u', 'scripts/run.py', '--config', 'temp_configs_aggressive/Exp_TABS_k5_s73412.yaml', '--num_workers', '2']' returned non-zero exit status 1.
Tail of log Exp_TABS_k5_s73412:
RuntimeError: CUDA error: out of memory
CUDA kernel errors might be asynchronously reported at some other API call, so the stacktrace below might be incorrect.
For debugging consider passing CUDA_LAUNCH_BLOCKING=1
Compile with `TORCH_USE_CUDA_DSA` to enable device-side assertions.


--> Starting: Exp_TABS_k5_s10461 (Seed: 10461, k: 5)
Error in experiment Exp_TABS_k5_s10966: Command '['/data1/tabs/venv/bin/python', '-u', 'scripts/run.py', '--config', 'temp_configs_aggressive/Exp_TABS_k5_s10966.yaml', '--num_workers', '2']' returned non-zero exit status 1.
Tail of log Exp_TABS_k5_s10966:
RuntimeError: CUDA error: out of memory
CUDA kernel errors might be asynchronously reported at some other API call, so the stacktrace below might be incorrect.
For debugging consider passing CUDA_LAUNCH_BLOCKING=1
Compile with `TORCH_USE_CUDA_DSA` to enable device-side assertions.


Error in experiment Exp_TABS_k5_s85806: Command '['/data1/tabs/venv/bin/python', '-u', 'scripts/run.py', '--config', 'temp_configs_aggressive/Exp_TABS_k5_s85806.yaml', '--num_workers', '2']' returned non-zero exit status 1.
Tail of log Exp_TABS_k5_s85806:
RuntimeError: CUDA error: out of memory
CUDA kernel errors might be asynchronously reported at some other API call, so the stacktrace below might be incorrect.
For debugging consider passing CUDA_LAUNCH_BLOCKING=1
Compile with `TORCH_USE_CUDA_DSA` to enable device-side assertions.


Error in experiment Exp_TABS_k5_s86637: Command '['/data1/tabs/venv/bin/python', '-u', 'scripts/run.py', '--config', 'temp_configs_aggressive/Exp_TABS_k5_s86637.yaml', '--num_workers', '2']' returned non-zero exit status 1.
Tail of log Exp_TABS_k5_s86637:
RuntimeError: CUDA error: out of memory
CUDA kernel errors might be asynchronously reported at some other API call, so the stacktrace below might be incorrect.
For debugging consider passing CUDA_LAUNCH_BLOCKING=1
Compile with `TORCH_USE_CUDA_DSA` to enable device-side assertions.


Error in experiment Exp_TABS_k5_s87391: Command '['/data1/tabs/venv/bin/python', '-u', 'scripts/run.py', '--config', 'temp_configs_aggressive/Exp_TABS_k5_s87391.yaml', '--num_workers', '2']' returned non-zero exit status 1.
Tail of log Exp_TABS_k5_s87391:
RuntimeError: CUDA error: out of memory
CUDA kernel errors might be asynchronously reported at some other API call, so the stacktrace below might be incorrect.
For debugging consider passing CUDA_LAUNCH_BLOCKING=1
Compile with `TORCH_USE_CUDA_DSA` to enable device-side assertions.


Error in experiment Exp_TABS_k5_s76151: Command '['/data1/tabs/venv/bin/python', '-u', 'scripts/run.py', '--config', 'temp_configs_aggressive/Exp_TABS_k5_s76151.yaml', '--num_workers', '2']' returned non-zero exit status 1.
Tail of log Exp_TABS_k5_s76151:
RuntimeError: CUDA error: out of memory
CUDA kernel errors might be asynchronously reported at some other API call, so the stacktrace below might be incorrect.
For debugging consider passing CUDA_LAUNCH_BLOCKING=1
Compile with `TORCH_USE_CUDA_DSA` to enable device-side assertions.


--> Starting: Exp_TABS_k5_s87749 (Seed: 87749, k: 5)
--> Starting: Exp_TABS_k5_s24077 (Seed: 24077, k: 5)
--> Starting: Exp_TABS_k5_s88484 (Seed: 88484, k: 5)
--> Starting: Exp_TABS_k5_s74979 (Seed: 74979, k: 5)
--> Starting: Exp_TABS_k5_s53994 (Seed: 53994, k: 5)
Error in experiment Exp_TABS_k5_s17457: Command '['/data1/tabs/venv/bin/python', '-u', 'scripts/run.py', '--config', 'temp_configs_aggressive/Exp_TABS_k5_s17457.yaml', '--num_workers', '2']' returned non-zero exit status 1.
Tail of log Exp_TABS_k5_s17457:
RuntimeError: CUDA error: out of memory
CUDA kernel errors might be asynchronously reported at some other API call, so the stacktrace below might be incorrect.
For debugging consider passing CUDA_LAUNCH_BLOCKING=1
Compile with `TORCH_USE_CUDA_DSA` to enable device-side assertions.


--> Starting: Exp_TABS_k5_s76708 (Seed: 76708, k: 5)
Error in experiment Exp_TABS_k5_s90774: Command '['/data1/tabs/venv/bin/python', '-u', 'scripts/run.py', '--config', 'temp_configs_aggressive/Exp_TABS_k5_s90774.yaml', '--num_workers', '2']' returned non-zero exit status 1.
Tail of log Exp_TABS_k5_s90774:
RuntimeError: CUDA error: out of memory
CUDA kernel errors might be asynchronously reported at some other API call, so the stacktrace below might be incorrect.
For debugging consider passing CUDA_LAUNCH_BLOCKING=1
Compile with `TORCH_USE_CUDA_DSA` to enable device-side assertions.


Error in experiment Exp_TABS_k5_s76315: Command '['/data1/tabs/venv/bin/python', '-u', 'scripts/run.py', '--config', 'temp_configs_aggressive/Exp_TABS_k5_s76315.yaml', '--num_workers', '2']' returned non-zero exit status 1.
Tail of log Exp_TABS_k5_s76315:
RuntimeError: CUDA error: out of memory
CUDA kernel errors might be asynchronously reported at some other API call, so the stacktrace below might be incorrect.
For debugging consider passing CUDA_LAUNCH_BLOCKING=1
Compile with `TORCH_USE_CUDA_DSA` to enable device-side assertions.


Error in experiment Exp_TABS_k5_s16118: Command '['/data1/tabs/venv/bin/python', '-u', 'scripts/run.py', '--config', 'temp_configs_aggressive/Exp_TABS_k5_s16118.yaml', '--num_workers', '2']' returned non-zero exit status 1.
Tail of log Exp_TABS_k5_s16118:
RuntimeError: CUDA error: out of memory
CUDA kernel errors might be asynchronously reported at some other API call, so the stacktrace below might be incorrect.
For debugging consider passing CUDA_LAUNCH_BLOCKING=1
Compile with `TORCH_USE_CUDA_DSA` to enable device-side assertions.


Error in experiment Exp_TABS_k5_s50785: Command '['/data1/tabs/venv/bin/python', '-u', 'scripts/run.py', '--config', 'temp_configs_aggressive/Exp_TABS_k5_s50785.yaml', '--num_workers', '2']' returned non-zero exit status 1.
Tail of log Exp_TABS_k5_s50785:
RuntimeError: CUDA error: out of memory
CUDA kernel errors might be asynchronously reported at some other API call, so the stacktrace below might be incorrect.
For debugging consider passing CUDA_LAUNCH_BLOCKING=1
Compile with `TORCH_USE_CUDA_DSA` to enable device-side assertions.


--> Starting: Exp_TABS_k5_s44523 (Seed: 44523, k: 5)
--> Starting: Exp_TABS_k5_s55428 (Seed: 55428, k: 5)
--> Starting: Exp_TABS_k5_s78236 (Seed: 78236, k: 5)
--> Starting: Exp_TABS_k5_s11867 (Seed: 11867, k: 5)
Error in experiment Exp_TABS_k5_s87749: Command '['/data1/tabs/venv/bin/python', '-u', 'scripts/run.py', '--config', 'temp_configs_aggressive/Exp_TABS_k5_s87749.yaml', '--num_workers', '2']' returned non-zero exit status 1.
Tail of log Exp_TABS_k5_s87749:
RuntimeError: CUDA error: out of memory
CUDA kernel errors might be asynchronously reported at some other API call, so the stacktrace below might be incorrect.
For debugging consider passing CUDA_LAUNCH_BLOCKING=1
Compile with `TORCH_USE_CUDA_DSA` to enable device-side assertions.


--> Starting: Exp_TABS_k5_s64755 (Seed: 64755, k: 5)
Error in experiment Exp_TABS_k5_s88484: Command '['/data1/tabs/venv/bin/python', '-u', 'scripts/run.py', '--config', 'temp_configs_aggressive/Exp_TABS_k5_s88484.yaml', '--num_workers', '2']' returned non-zero exit status 1.
Tail of log Exp_TABS_k5_s88484:
RuntimeError: CUDA error: out of memory
CUDA kernel errors might be asynchronously reported at some other API call, so the stacktrace below might be incorrect.
For debugging consider passing CUDA_LAUNCH_BLOCKING=1
Compile with `TORCH_USE_CUDA_DSA` to enable device-side assertions.


--> Starting: Exp_TABS_k5_s44381 (Seed: 44381, k: 5)
Error in experiment Exp_TABS_k5_s9665: Command '['/data1/tabs/venv/bin/python', '-u', 'scripts/run.py', '--config', 'temp_configs_aggressive/Exp_TABS_k5_s9665.yaml', '--num_workers', '2']' returned non-zero exit status 1.
Tail of log Exp_TABS_k5_s9665:
RuntimeError: CUDA error: out of memory
CUDA kernel errors might be asynchronously reported at some other API call, so the stacktrace below might be incorrect.
For debugging consider passing CUDA_LAUNCH_BLOCKING=1
Compile with `TORCH_USE_CUDA_DSA` to enable device-side assertions.


--> Starting: Exp_TABS_k5_s51123 (Seed: 51123, k: 5)
Error in experiment Exp_TABS_k5_s24077: Command '['/data1/tabs/venv/bin/python', '-u', 'scripts/run.py', '--config', 'temp_configs_aggressive/Exp_TABS_k5_s24077.yaml', '--num_workers', '2']' returned non-zero exit status 1.
Tail of log Exp_TABS_k5_s24077:
RuntimeError: CUDA error: out of memory
CUDA kernel errors might be asynchronously reported at some other API call, so the stacktrace below might be incorrect.
For debugging consider passing CUDA_LAUNCH_BLOCKING=1
Compile with `TORCH_USE_CUDA_DSA` to enable device-side assertions.


--> Starting: Exp_TABS_k5_s94355 (Seed: 94355, k: 5)
Error in experiment Exp_TABS_k5_s55428: Command '['/data1/tabs/venv/bin/python', '-u', 'scripts/run.py', '--config', 'temp_configs_aggressive/Exp_TABS_k5_s55428.yaml', '--num_workers', '2']' returned non-zero exit status 1.
Tail of log Exp_TABS_k5_s55428:
RuntimeError: CUDA error: out of memory
CUDA kernel errors might be asynchronously reported at some other API call, so the stacktrace below might be incorrect.
For debugging consider passing CUDA_LAUNCH_BLOCKING=1
Compile with `TORCH_USE_CUDA_DSA` to enable device-side assertions.


--> Starting: Exp_TABS_k5_s34222 (Seed: 34222, k: 5)
Error in experiment Exp_TABS_k5_s76708: Command '['/data1/tabs/venv/bin/python', '-u', 'scripts/run.py', '--config', 'temp_configs_aggressive/Exp_TABS_k5_s76708.yaml', '--num_workers', '2']' returned non-zero exit status 1.
Tail of log Exp_TABS_k5_s76708:
RuntimeError: CUDA error: out of memory
CUDA kernel errors might be asynchronously reported at some other API call, so the stacktrace below might be incorrect.
For debugging consider passing CUDA_LAUNCH_BLOCKING=1
Compile with `TORCH_USE_CUDA_DSA` to enable device-side assertions.


--> Starting: Exp_TABS_k5_s48440 (Seed: 48440, k: 5)
Error in experiment Exp_TABS_k5_s10461: Command '['/data1/tabs/venv/bin/python', '-u', 'scripts/run.py', '--config', 'temp_configs_aggressive/Exp_TABS_k5_s10461.yaml', '--num_workers', '2']' returned non-zero exit status 1.
Tail of log Exp_TABS_k5_s10461:
RuntimeError: CUDA error: out of memory
CUDA kernel errors might be asynchronously reported at some other API call, so the stacktrace below might be incorrect.
For debugging consider passing CUDA_LAUNCH_BLOCKING=1
Compile with `TORCH_USE_CUDA_DSA` to enable device-side assertions.


Error in experiment Exp_TABS_k5_s93007: Command '['/data1/tabs/venv/bin/python', '-u', 'scripts/run.py', '--config', 'temp_configs_aggressive/Exp_TABS_k5_s93007.yaml', '--num_workers', '2']' returned non-zero exit status 1.
Tail of log Exp_TABS_k5_s93007:
RuntimeError: CUDA error: out of memory
CUDA kernel errors might be asynchronously reported at some other API call, so the stacktrace below might be incorrect.
For debugging consider passing CUDA_LAUNCH_BLOCKING=1
Compile with `TORCH_USE_CUDA_DSA` to enable device-side assertions.


--> Starting: Exp_TABS_k5_s50553 (Seed: 50553, k: 5)
--> Starting: Exp_TABS_k5_s40961 (Seed: 40961, k: 5)
Error in experiment Exp_TABS_k5_s78236: Command '['/data1/tabs/venv/bin/python', '-u', 'scripts/run.py', '--config', 'temp_configs_aggressive/Exp_TABS_k5_s78236.yaml', '--num_workers', '2']' returned non-zero exit status 1.
Tail of log Exp_TABS_k5_s78236:
RuntimeError: CUDA error: out of memory
CUDA kernel errors might be asynchronously reported at some other API call, so the stacktrace below might be incorrect.
For debugging consider passing CUDA_LAUNCH_BLOCKING=1
Compile with `TORCH_USE_CUDA_DSA` to enable device-side assertions.


--> Starting: Exp_TABS_k5_s50297 (Seed: 50297, k: 5)
Error in experiment Exp_TABS_k5_s74979: Command '['/data1/tabs/venv/bin/python', '-u', 'scripts/run.py', '--config', 'temp_configs_aggressive/Exp_TABS_k5_s74979.yaml', '--num_workers', '2']' returned non-zero exit status 1.
Tail of log Exp_TABS_k5_s74979:
RuntimeError: CUDA error: out of memory
CUDA kernel errors might be asynchronously reported at some other API call, so the stacktrace below might be incorrect.
For debugging consider passing CUDA_LAUNCH_BLOCKING=1
Compile with `TORCH_USE_CUDA_DSA` to enable device-side assertions.


--> Starting: Exp_TABS_k5_s75125 (Seed: 75125, k: 5)
Error in experiment Exp_TABS_k5_s11867: Command '['/data1/tabs/venv/bin/python', '-u', 'scripts/run.py', '--config', 'temp_configs_aggressive/Exp_TABS_k5_s11867.yaml', '--num_workers', '2']' returned non-zero exit status 1.
Tail of log Exp_TABS_k5_s11867:
RuntimeError: CUDA error: out of memory
CUDA kernel errors might be asynchronously reported at some other API call, so the stacktrace below might be incorrect.
For debugging consider passing CUDA_LAUNCH_BLOCKING=1
Compile with `TORCH_USE_CUDA_DSA` to enable device-side assertions.


--> Starting: Exp_TABS_k5_s41280 (Seed: 41280, k: 5)
Error in experiment Exp_TABS_k5_s44523: Command '['/data1/tabs/venv/bin/python', '-u', 'scripts/run.py', '--config', 'temp_configs_aggressive/Exp_TABS_k5_s44523.yaml', '--num_workers', '2']' returned non-zero exit status 1.
Tail of log Exp_TABS_k5_s44523:
RuntimeError: CUDA error: out of memory
CUDA kernel errors might be asynchronously reported at some other API call, so the stacktrace below might be incorrect.
For debugging consider passing CUDA_LAUNCH_BLOCKING=1
Compile with `TORCH_USE_CUDA_DSA` to enable device-side assertions.


--> Starting: Exp_TABS_k5_s87419 (Seed: 87419, k: 5)
Error in experiment Exp_TABS_k5_s94355: Command '['/data1/tabs/venv/bin/python', '-u', 'scripts/run.py', '--config', 'temp_configs_aggressive/Exp_TABS_k5_s94355.yaml', '--num_workers', '2']' returned non-zero exit status 1.
Tail of log Exp_TABS_k5_s94355:
RuntimeError: CUDA error: out of memory
CUDA kernel errors might be asynchronously reported at some other API call, so the stacktrace below might be incorrect.
For debugging consider passing CUDA_LAUNCH_BLOCKING=1
Compile with `TORCH_USE_CUDA_DSA` to enable device-side assertions.


--> Starting: Exp_TABS_k5_s41044 (Seed: 41044, k: 5)
Error in experiment Exp_TABS_k5_s41280: Command '['/data1/tabs/venv/bin/python', '-u', 'scripts/run.py', '--config', 'temp_configs_aggressive/Exp_TABS_k5_s41280.yaml', '--num_workers', '2']' returned non-zero exit status 1.
Tail of log Exp_TABS_k5_s41280:
RuntimeError: CUDA error: out of memory
CUDA kernel errors might be asynchronously reported at some other API call, so the stacktrace below might be incorrect.
For debugging consider passing CUDA_LAUNCH_BLOCKING=1
Compile with `TORCH_USE_CUDA_DSA` to enable device-side assertions.


--> Starting: Exp_TABS_k5_s43322 (Seed: 43322, k: 5)
Error in experiment Exp_TABS_k5_s44381: Command '['/data1/tabs/venv/bin/python', '-u', 'scripts/run.py', '--config', 'temp_configs_aggressive/Exp_TABS_k5_s44381.yaml', '--num_workers', '2']' returned non-zero exit status 1.
Tail of log Exp_TABS_k5_s44381:
RuntimeError: CUDA error: out of memory
CUDA kernel errors might be asynchronously reported at some other API call, so the stacktrace below might be incorrect.
For debugging consider passing CUDA_LAUNCH_BLOCKING=1
Compile with `TORCH_USE_CUDA_DSA` to enable device-side assertions.


--> Starting: Exp_TABS_k5_s38052 (Seed: 38052, k: 5)
Error in experiment Exp_TABS_k5_s51123: Command '['/data1/tabs/venv/bin/python', '-u', 'scripts/run.py', '--config', 'temp_configs_aggressive/Exp_TABS_k5_s51123.yaml', '--num_workers', '2']' returned non-zero exit status 1.
Tail of log Exp_TABS_k5_s51123:
RuntimeError: CUDA error: out of memory
CUDA kernel errors might be asynchronously reported at some other API call, so the stacktrace below might be incorrect.
For debugging consider passing CUDA_LAUNCH_BLOCKING=1
Compile with `TORCH_USE_CUDA_DSA` to enable device-side assertions.


--> Starting: Exp_TABS_k5_s45462 (Seed: 45462, k: 5)
Error in experiment Exp_TABS_k5_s40961: Command '['/data1/tabs/venv/bin/python', '-u', 'scripts/run.py', '--config', 'temp_configs_aggressive/Exp_TABS_k5_s40961.yaml', '--num_workers', '2']' returned non-zero exit status 1.
Tail of log Exp_TABS_k5_s40961:
RuntimeError: CUDA error: out of memory
CUDA kernel errors might be asynchronously reported at some other API call, so the stacktrace below might be incorrect.
For debugging consider passing CUDA_LAUNCH_BLOCKING=1
Compile with `TORCH_USE_CUDA_DSA` to enable device-side assertions.


--> Starting: Exp_TABS_k5_s90747 (Seed: 90747, k: 5)
Error in experiment Exp_TABS_k5_s48440: Command '['/data1/tabs/venv/bin/python', '-u', 'scripts/run.py', '--config', 'temp_configs_aggressive/Exp_TABS_k5_s48440.yaml', '--num_workers', '2']' returned non-zero exit status 1.
Tail of log Exp_TABS_k5_s48440:
RuntimeError: CUDA error: out of memory
CUDA kernel errors might be asynchronously reported at some other API call, so the stacktrace below might be incorrect.
For debugging consider passing CUDA_LAUNCH_BLOCKING=1
Compile with `TORCH_USE_CUDA_DSA` to enable device-side assertions.


--> Starting: Exp_TABS_k5_s94604 (Seed: 94604, k: 5)
Error in experiment Exp_TABS_k5_s64755: Command '['/data1/tabs/venv/bin/python', '-u', 'scripts/run.py', '--config', 'temp_configs_aggressive/Exp_TABS_k5_s64755.yaml', '--num_workers', '2']' returned non-zero exit status 1.
Tail of log Exp_TABS_k5_s64755:
RuntimeError: CUDA error: out of memory
CUDA kernel errors might be asynchronously reported at some other API call, so the stacktrace below might be incorrect.
For debugging consider passing CUDA_LAUNCH_BLOCKING=1
Compile with `TORCH_USE_CUDA_DSA` to enable device-side assertions.


--> Starting: Exp_TABS_k5_s28317 (Seed: 28317, k: 5)
Error in experiment Exp_TABS_k5_s34222: Command '['/data1/tabs/venv/bin/python', '-u', 'scripts/run.py', '--config', 'temp_configs_aggressive/Exp_TABS_k5_s34222.yaml', '--num_workers', '2']' returned non-zero exit status 1.
Tail of log Exp_TABS_k5_s34222:
RuntimeError: CUDA error: out of memory
CUDA kernel errors might be asynchronously reported at some other API call, so the stacktrace below might be incorrect.
For debugging consider passing CUDA_LAUNCH_BLOCKING=1
Compile with `TORCH_USE_CUDA_DSA` to enable device-side assertions.


--> Starting: Exp_TABS_k5_s8276 (Seed: 8276, k: 5)
Error in experiment Exp_TABS_k5_s50553: Command '['/data1/tabs/venv/bin/python', '-u', 'scripts/run.py', '--config', 'temp_configs_aggressive/Exp_TABS_k5_s50553.yaml', '--num_workers', '2']' returned non-zero exit status 1.
Tail of log Exp_TABS_k5_s50553:
RuntimeError: CUDA error: out of memory
CUDA kernel errors might be asynchronously reported at some other API call, so the stacktrace below might be incorrect.
For debugging consider passing CUDA_LAUNCH_BLOCKING=1
Compile with `TORCH_USE_CUDA_DSA` to enable device-side assertions.


--> Starting: Exp_TABS_k5_s33653 (Seed: 33653, k: 5)
Error in experiment Exp_TABS_k5_s50297: Command '['/data1/tabs/venv/bin/python', '-u', 'scripts/run.py', '--config', 'temp_configs_aggressive/Exp_TABS_k5_s50297.yaml', '--num_workers', '2']' returned non-zero exit status 1.
Tail of log Exp_TABS_k5_s50297:
RuntimeError: CUDA error: out of memory
CUDA kernel errors might be asynchronously reported at some other API call, so the stacktrace below might be incorrect.
For debugging consider passing CUDA_LAUNCH_BLOCKING=1
Compile with `TORCH_USE_CUDA_DSA` to enable device-side assertions.


--> Starting: Exp_TABS_k5_s71464 (Seed: 71464, k: 5)
Error in experiment Exp_TABS_k5_s75125: Command '['/data1/tabs/venv/bin/python', '-u', 'scripts/run.py', '--config', 'temp_configs_aggressive/Exp_TABS_k5_s75125.yaml', '--num_workers', '2']' returned non-zero exit status 1.
Tail of log Exp_TABS_k5_s75125:
RuntimeError: CUDA error: out of memory
CUDA kernel errors might be asynchronously reported at some other API call, so the stacktrace below might be incorrect.
For debugging consider passing CUDA_LAUNCH_BLOCKING=1
Compile with `TORCH_USE_CUDA_DSA` to enable device-side assertions.


--> Starting: Exp_TABS_k5_s54701 (Seed: 54701, k: 5)
Error in experiment Exp_TABS_k5_s87419: Command '['/data1/tabs/venv/bin/python', '-u', 'scripts/run.py', '--config', 'temp_configs_aggressive/Exp_TABS_k5_s87419.yaml', '--num_workers', '2']' returned non-zero exit status 1.
Tail of log Exp_TABS_k5_s87419:
RuntimeError: CUDA error: out of memory
CUDA kernel errors might be asynchronously reported at some other API call, so the stacktrace below might be incorrect.
For debugging consider passing CUDA_LAUNCH_BLOCKING=1
Compile with `TORCH_USE_CUDA_DSA` to enable device-side assertions.


--> Starting: Exp_TABS_k5_s79082 (Seed: 79082, k: 5)
Error in experiment Exp_TABS_k5_s45462: Command '['/data1/tabs/venv/bin/python', '-u', 'scripts/run.py', '--config', 'temp_configs_aggressive/Exp_TABS_k5_s45462.yaml', '--num_workers', '2']' returned non-zero exit status 1.
Tail of log Exp_TABS_k5_s45462:
RuntimeError: CUDA error: out of memory
CUDA kernel errors might be asynchronously reported at some other API call, so the stacktrace below might be incorrect.
For debugging consider passing CUDA_LAUNCH_BLOCKING=1
Compile with `TORCH_USE_CUDA_DSA` to enable device-side assertions.


--> Starting: Exp_TABS_k5_s74173 (Seed: 74173, k: 5)
Error in experiment Exp_TABS_k5_s94604: Command '['/data1/tabs/venv/bin/python', '-u', 'scripts/run.py', '--config', 'temp_configs_aggressive/Exp_TABS_k5_s94604.yaml', '--num_workers', '2']' returned non-zero exit status 1.
Tail of log Exp_TABS_k5_s94604:
RuntimeError: CUDA error: out of memory
CUDA kernel errors might be asynchronously reported at some other API call, so the stacktrace below might be incorrect.
For debugging consider passing CUDA_LAUNCH_BLOCKING=1
Compile with `TORCH_USE_CUDA_DSA` to enable device-side assertions.


--> Starting: Exp_TABS_k5_s67616 (Seed: 67616, k: 5)
Error in experiment Exp_TABS_k5_s43322: Command '['/data1/tabs/venv/bin/python', '-u', 'scripts/run.py', '--config', 'temp_configs_aggressive/Exp_TABS_k5_s43322.yaml', '--num_workers', '2']' returned non-zero exit status 1.
Tail of log Exp_TABS_k5_s43322:
RuntimeError: CUDA error: out of memory
CUDA kernel errors might be asynchronously reported at some other API call, so the stacktrace below might be incorrect.
For debugging consider passing CUDA_LAUNCH_BLOCKING=1
Compile with `TORCH_USE_CUDA_DSA` to enable device-side assertions.


--> Starting: Exp_TABS_k5_s53696 (Seed: 53696, k: 5)
Error in experiment Exp_TABS_k5_s90747: Command '['/data1/tabs/venv/bin/python', '-u', 'scripts/run.py', '--config', 'temp_configs_aggressive/Exp_TABS_k5_s90747.yaml', '--num_workers', '2']' returned non-zero exit status 1.
Tail of log Exp_TABS_k5_s90747:
RuntimeError: CUDA error: out of memory
CUDA kernel errors might be asynchronously reported at some other API call, so the stacktrace below might be incorrect.
For debugging consider passing CUDA_LAUNCH_BLOCKING=1
Compile with `TORCH_USE_CUDA_DSA` to enable device-side assertions.


--> Starting: Exp_TABS_k5_s58697 (Seed: 58697, k: 5)
Error in experiment Exp_TABS_k5_s28317: Command '['/data1/tabs/venv/bin/python', '-u', 'scripts/run.py', '--config', 'temp_configs_aggressive/Exp_TABS_k5_s28317.yaml', '--num_workers', '2']' returned non-zero exit status 1.
Tail of log Exp_TABS_k5_s28317:
RuntimeError: CUDA error: out of memory
CUDA kernel errors might be asynchronously reported at some other API call, so the stacktrace below might be incorrect.
For debugging consider passing CUDA_LAUNCH_BLOCKING=1
Compile with `TORCH_USE_CUDA_DSA` to enable device-side assertions.


--> Starting: Exp_TABS_k5_s98314 (Seed: 98314, k: 5)
Error in experiment Exp_TABS_k5_s71464: Command '['/data1/tabs/venv/bin/python', '-u', 'scripts/run.py', '--config', 'temp_configs_aggressive/Exp_TABS_k5_s71464.yaml', '--num_workers', '2']' returned non-zero exit status 1.
Tail of log Exp_TABS_k5_s71464:
RuntimeError: CUDA error: out of memory
CUDA kernel errors might be asynchronously reported at some other API call, so the stacktrace below might be incorrect.
For debugging consider passing CUDA_LAUNCH_BLOCKING=1
Compile with `TORCH_USE_CUDA_DSA` to enable device-side assertions.


--> Starting: Exp_TABS_k5_s54495 (Seed: 54495, k: 5)
Error in experiment Exp_TABS_k5_s41044: Command '['/data1/tabs/venv/bin/python', '-u', 'scripts/run.py', '--config', 'temp_configs_aggressive/Exp_TABS_k5_s41044.yaml', '--num_workers', '2']' returned non-zero exit status 1.
Tail of log Exp_TABS_k5_s41044:
RuntimeError: CUDA error: out of memory
CUDA kernel errors might be asynchronously reported at some other API call, so the stacktrace below might be incorrect.
For debugging consider passing CUDA_LAUNCH_BLOCKING=1
Compile with `TORCH_USE_CUDA_DSA` to enable device-side assertions.


--> Starting: Exp_TABS_k5_s10887 (Seed: 10887, k: 5)
Error in experiment Exp_TABS_k5_s8276: Command '['/data1/tabs/venv/bin/python', '-u', 'scripts/run.py', '--config', 'temp_configs_aggressive/Exp_TABS_k5_s8276.yaml', '--num_workers', '2']' returned non-zero exit status 1.
Tail of log Exp_TABS_k5_s8276:
RuntimeError: CUDA error: out of memory
CUDA kernel errors might be asynchronously reported at some other API call, so the stacktrace below might be incorrect.
For debugging consider passing CUDA_LAUNCH_BLOCKING=1
Compile with `TORCH_USE_CUDA_DSA` to enable device-side assertions.


--> Starting: Exp_TABS_k5_s78335 (Seed: 78335, k: 5)
Error in experiment Exp_TABS_k5_s38052: Command '['/data1/tabs/venv/bin/python', '-u', 'scripts/run.py', '--config', 'temp_configs_aggressive/Exp_TABS_k5_s38052.yaml', '--num_workers', '2']' returned non-zero exit status 1.
Tail of log Exp_TABS_k5_s38052:
RuntimeError: CUDA error: out of memory
CUDA kernel errors might be asynchronously reported at some other API call, so the stacktrace below might be incorrect.
For debugging consider passing CUDA_LAUNCH_BLOCKING=1
Compile with `TORCH_USE_CUDA_DSA` to enable device-side assertions.


--> Starting: Exp_TABS_k5_s90468 (Seed: 90468, k: 5)
Error in experiment Exp_TABS_k5_s33653: Command '['/data1/tabs/venv/bin/python', '-u', 'scripts/run.py', '--config', 'temp_configs_aggressive/Exp_TABS_k5_s33653.yaml', '--num_workers', '2']' returned non-zero exit status 1.
Tail of log Exp_TABS_k5_s33653:
RuntimeError: CUDA error: out of memory
CUDA kernel errors might be asynchronously reported at some other API call, so the stacktrace below might be incorrect.
For debugging consider passing CUDA_LAUNCH_BLOCKING=1
Compile with `TORCH_USE_CUDA_DSA` to enable device-side assertions.


--> Starting: Exp_TABS_k5_s9732 (Seed: 9732, k: 5)
Error in experiment Exp_TABS_k5_s54701: Command '['/data1/tabs/venv/bin/python', '-u', 'scripts/run.py', '--config', 'temp_configs_aggressive/Exp_TABS_k5_s54701.yaml', '--num_workers', '2']' returned non-zero exit status 1.
Tail of log Exp_TABS_k5_s54701:
RuntimeError: CUDA error: out of memory
CUDA kernel errors might be asynchronously reported at some other API call, so the stacktrace below might be incorrect.
For debugging consider passing CUDA_LAUNCH_BLOCKING=1
Compile with `TORCH_USE_CUDA_DSA` to enable device-side assertions.


--> Starting: Exp_TABS_k5_s29621 (Seed: 29621, k: 5)
Error in experiment Exp_TABS_k5_s79082: Command '['/data1/tabs/venv/bin/python', '-u', 'scripts/run.py', '--config', 'temp_configs_aggressive/Exp_TABS_k5_s79082.yaml', '--num_workers', '2']' returned non-zero exit status 1.
Tail of log Exp_TABS_k5_s79082:
RuntimeError: CUDA error: out of memory
CUDA kernel errors might be asynchronously reported at some other API call, so the stacktrace below might be incorrect.
For debugging consider passing CUDA_LAUNCH_BLOCKING=1
Compile with `TORCH_USE_CUDA_DSA` to enable device-side assertions.


--> Starting: Exp_TABS_k5_s20948 (Seed: 20948, k: 5)
<-- Finished: Exp_TABS_k5_s58697 | Best mIoU: 0.7270
--> Starting: Exp_TABS_k5_s63243 (Seed: 63243, k: 5)
<-- Finished: Exp_TABS_k5_s10887 | Best mIoU: 0.7561
--> Starting: Exp_TABS_k5_s57249 (Seed: 57249, k: 5)
<-- Finished: Exp_TABS_k5_s49906 | Best mIoU: 0.7699
!!! FOUND TARGET !!! Seed 49906 (k=5) -> 0.7699
--> Starting: Exp_TABS_k5_s36760 (Seed: 36760, k: 5)
<-- Finished: Exp_TABS_k5_s90924 | Best mIoU: 0.7417
--> Starting: Exp_TABS_k5_s25873 (Seed: 25873, k: 5)
