2025-12-26 00:50:57 | Exp_TABS_k5_s42_lightweight_ds | FAIL (-9)
2025-12-26 00:52:01 | Exp_TABS_k3_s42_lightweight_ds | FAIL (-9)
2025-12-26 00:52:01 | Exp_TABS_k7_s42_standard | FAIL (-9)
2025-12-26 00:52:01 | Exp_TABS_k7_s42_lightweight_ds | FAIL (-9)
2025-12-26 01:01:02 | Exp_TABS_k3_s42_standard | FAIL (-9)
2025-12-26 01:54:05 | Exp_Entropy_k5_s42_standard | SUCCESS
2025-12-26 02:14:36 | Exp_Fisher_k7_s42_standard | SUCCESS
2025-12-26 02:34:37 | Exp_Correlation_k3_s42_lightweight_ds | SUCCESS
2025-12-26 02:39:37 | Exp_SVM-RFE_k3_s42_lightweight_ds | SUCCESS
2025-12-26 02:40:07 | Exp_Fisher_k7_s42_lightweight_ds | SUCCESS
2025-12-26 02:43:07 | Exp_Correlation_k5_s42_lightweight_ds | SUCCESS
2025-12-26 02:44:37 | Exp_SVM-RFE_k7_s42_lightweight_ds | SUCCESS
2025-12-26 02:50:08 | Exp_SVM-RFE_k5_s42_standard | SUCCESS
2025-12-26 02:50:38 | Exp_Correlation_k5_s42_standard | SUCCESS
2025-12-26 02:51:08 | Exp_SAD_k3_s42_standard | SUCCESS
2025-12-26 02:54:08 | Exp_Entropy_k7_s42_lightweight_ds | SUCCESS
2025-12-26 02:55:38 | Exp_SVM-RFE_k5_s42_lightweight_ds | SUCCESS
2025-12-26 02:57:38 | Exp_Fisher_k3_s42_standard | SUCCESS
2025-12-26 02:58:08 | Exp_SVM-RFE_k3_s42_standard | SUCCESS
2025-12-26 03:00:08 | Exp_Correlation_k3_s42_standard | SUCCESS
2025-12-26 03:00:38 | Exp_Fisher_k5_s42_lightweight_ds | SUCCESS
2025-12-26 03:04:09 | Exp_Entropy_k5_s42_lightweight_ds | SUCCESS
2025-12-26 03:04:39 | Exp_SVM-RFE_k7_s42_standard | SUCCESS
2025-12-26 03:05:39 | Exp_SAD_k5_s42_standard | SUCCESS
2025-12-26 03:08:09 | Exp_Fisher_k3_s42_lightweight_ds | SUCCESS
2025-12-26 03:09:39 | Exp_Entropy_k3_s42_standard | SUCCESS
2025-12-26 03:09:39 | Exp_Fisher_k5_s42_standard | SUCCESS
2025-12-26 03:10:09 | Exp_Entropy_k3_s42_lightweight_ds | SUCCESS
2025-12-26 03:10:09 | Exp_SAD_k3_s42_lightweight_ds | SUCCESS
2025-12-26 03:10:09 | Exp_SAD_k7_s42_standard | SUCCESS
2025-12-26 03:10:39 | Exp_SAD_k5_s42_lightweight_ds | SUCCESS
2025-12-26 03:12:39 | Exp_Correlation_k7_s42_lightweight_ds | SUCCESS
2025-12-26 03:13:09 | Exp_Entropy_k7_s42_standard | SUCCESS
2025-12-26 03:14:39 | Exp_Correlation_k7_s42_standard | SUCCESS
2025-12-26 03:16:39 | Exp_TABS_k5_s42_standard | SUCCESS
2025-12-26 03:20:39 | Exp_SAD_k7_s42_lightweight_ds | SUCCESS
